-- Test file to demonstrate how specifying fast:true for non-text/non-json fields
-- doesn't affect the usage of TopN executor or other FastField executors
-- Setup
\i common/common_setup.sql
CREATE EXTENSION IF NOT EXISTS pg_search;
-- Disable parallel workers to avoid differences in plans
SET max_parallel_workers_per_gather = 0;
SET enable_indexscan to OFF;
SET paradedb.enable_mixed_fast_field_exec = true;
-- Create test table with various field types
DROP TABLE IF EXISTS data_records;
CREATE TABLE data_records (
    id SERIAL PRIMARY KEY,
    title TEXT,
    category TEXT,
    price NUMERIC,
    in_stock BOOLEAN,
    created_at TIMESTAMP,
    valid_period TSTZRANGE,
    quantity_range NUMRANGE,
    tags TEXT[]
);
-- Insert test data
INSERT INTO data_records (title, category, price, in_stock, created_at, valid_period, quantity_range, tags)
SELECT
    'Product ' || i,
    CASE WHEN i % 4 = 0 THEN 'Electronics'
         WHEN i % 4 = 1 THEN 'Clothing'
         WHEN i % 4 = 2 THEN 'Books'
         ELSE 'Home'
    END,
    (random() * 1000)::numeric(10,2),
    i % 3 = 0,
    '2023-01-01'::timestamp + ((i % 365) || ' days')::interval,
    tstzrange(
        '2023-01-01'::timestamptz + ((i % 365) || ' days')::interval,
        '2023-01-01'::timestamptz + ((i % 365) || ' days')::interval + '1 month'::interval
    ),
    numrange((i % 10) * 10, (i % 10 + 1) * 10),
    ARRAY[
        'tag' || (i % 5),
        'tag' || (i % 7),
        'tag' || (i % 3)
    ]
FROM generate_series(1, 1000) i;
-- '======== FAST FIELDS EXPLICIT OPTION TESTS ========'
-- 'Testing how specifying fast:true for non-text/non-json fields affects executor choice'
-- Create index WITHOUT explicit fast:true for non-text fields
DROP INDEX IF EXISTS records_no_fast_idx;
CREATE INDEX records_no_fast_idx ON data_records
USING bm25 (
    id, title, category, price, in_stock, created_at, valid_period, quantity_range, tags
) WITH (
    key_field = 'id',
    text_fields = '{
        "title": { "tokenizer": {"type": "default"} },
        "category": { "fast": true, "tokenizer": {"type": "keyword"} },
        "tags": { "fast": true, "tokenizer": {"type": "keyword"} }
    }',
    numeric_fields = '{"price":{}}',
    boolean_fields = '{"in_stock":{}}',
    range_fields = '{"quantity_range":{},"valid_period":{}}',
    datetime_fields = '{"created_at":{}}'
);
-- '--- Tests with index WITHOUT explicit fast:true for text fields ---'
-- 'Test 1: ORDER BY title with LIMIT should use NormalScanExecState'
EXPLAIN (FORMAT TEXT, COSTS OFF, TIMING OFF)
SELECT id, title, category
FROM data_records
WHERE title @@@ 'product'
ORDER BY title
LIMIT 10;
                                                                          QUERY PLAN                                                                          
--------------------------------------------------------------------------------------------------------------------------------------------------------------
 Limit
   ->  Sort
         Sort Key: title
         ->  Custom Scan (ParadeDB Scan) on data_records
               Table: data_records
               Index: records_no_fast_idx
               Exec Method: NormalScanExecState
               Scores: false
                  Top N Limit: 10
               Tantivy Query: {"with_index":{"query":{"parse_with_field":{"field":"title","query_string":"product","lenient":null,"conjunction_mode":null}}}}
(10 rows)

-- 'Test 2: ORDER BY with LIMIT (should use TopNScanExecState)'
EXPLAIN (FORMAT TEXT, COSTS OFF, TIMING OFF)
SELECT id, title, category
FROM data_records
WHERE title @@@ 'product'
ORDER BY id
LIMIT 10;
                                                                       QUERY PLAN                                                                       
--------------------------------------------------------------------------------------------------------------------------------------------------------
 Limit
   ->  Custom Scan (ParadeDB Scan) on data_records
         Table: data_records
         Index: records_no_fast_idx
         Exec Method: TopNScanExecState
         Scores: false
            Sort Field: id
            Sort Direction: asc
            Top N Limit: 10
         Tantivy Query: {"with_index":{"query":{"parse_with_field":{"field":"title","query_string":"product","lenient":null,"conjunction_mode":null}}}}
(10 rows)

EXPLAIN (FORMAT TEXT, COSTS OFF, TIMING OFF)
SELECT id, title, category
FROM data_records
WHERE title @@@ 'product'
ORDER BY category
LIMIT 10;
                                                                       QUERY PLAN                                                                       
--------------------------------------------------------------------------------------------------------------------------------------------------------
 Limit
   ->  Custom Scan (ParadeDB Scan) on data_records
         Table: data_records
         Index: records_no_fast_idx
         Exec Method: TopNScanExecState
         Scores: false
            Sort Field: category
            Sort Direction: asc
            Top N Limit: 10
         Tantivy Query: {"with_index":{"query":{"parse_with_field":{"field":"title","query_string":"product","lenient":null,"conjunction_mode":null}}}}
(10 rows)

EXPLAIN (FORMAT TEXT, COSTS OFF, TIMING OFF)
SELECT id, title, category
FROM data_records
WHERE title @@@ 'product'
ORDER BY price
LIMIT 10;
                                                                       QUERY PLAN                                                                       
--------------------------------------------------------------------------------------------------------------------------------------------------------
 Limit
   ->  Custom Scan (ParadeDB Scan) on data_records
         Table: data_records
         Index: records_no_fast_idx
         Exec Method: TopNScanExecState
         Scores: false
            Sort Field: price
            Sort Direction: asc
            Top N Limit: 10
         Tantivy Query: {"with_index":{"query":{"parse_with_field":{"field":"title","query_string":"product","lenient":null,"conjunction_mode":null}}}}
(10 rows)

EXPLAIN (FORMAT TEXT, COSTS OFF, TIMING OFF)
SELECT id, title, category
FROM data_records
WHERE title @@@ 'product'
ORDER BY in_stock
LIMIT 10;
                                                                       QUERY PLAN                                                                       
--------------------------------------------------------------------------------------------------------------------------------------------------------
 Limit
   ->  Custom Scan (ParadeDB Scan) on data_records
         Table: data_records
         Index: records_no_fast_idx
         Exec Method: TopNScanExecState
         Scores: false
            Sort Field: in_stock
            Sort Direction: asc
            Top N Limit: 10
         Tantivy Query: {"with_index":{"query":{"parse_with_field":{"field":"title","query_string":"product","lenient":null,"conjunction_mode":null}}}}
(10 rows)

EXPLAIN (FORMAT TEXT, COSTS OFF, TIMING OFF)
SELECT id, title, category
FROM data_records
WHERE title @@@ 'product'
ORDER BY valid_period
LIMIT 10;
                                                                       QUERY PLAN                                                                       
--------------------------------------------------------------------------------------------------------------------------------------------------------
 Limit
   ->  Custom Scan (ParadeDB Scan) on data_records
         Table: data_records
         Index: records_no_fast_idx
         Exec Method: TopNScanExecState
         Scores: false
            Sort Field: valid_period
            Sort Direction: asc
            Top N Limit: 10
         Tantivy Query: {"with_index":{"query":{"parse_with_field":{"field":"title","query_string":"product","lenient":null,"conjunction_mode":null}}}}
(10 rows)

EXPLAIN (FORMAT TEXT, COSTS OFF, TIMING OFF)
SELECT id, title, category
FROM data_records
WHERE title @@@ 'product'
ORDER BY created_at
LIMIT 10;
                                                                       QUERY PLAN                                                                       
--------------------------------------------------------------------------------------------------------------------------------------------------------
 Limit
   ->  Custom Scan (ParadeDB Scan) on data_records
         Table: data_records
         Index: records_no_fast_idx
         Exec Method: TopNScanExecState
         Scores: false
            Sort Field: created_at
            Sort Direction: asc
            Top N Limit: 10
         Tantivy Query: {"with_index":{"query":{"parse_with_field":{"field":"title","query_string":"product","lenient":null,"conjunction_mode":null}}}}
(10 rows)

-- 'Test 3: ORDER BY with no LIMIT (should use MixedFastFieldExecState)'
EXPLAIN (FORMAT TEXT, COSTS OFF, TIMING OFF)
SELECT id, category, price, in_stock, created_at, valid_period, quantity_range, tags
FROM data_records
WHERE title @@@ 'product'
ORDER BY id;
                                                                       QUERY PLAN                                                                       
--------------------------------------------------------------------------------------------------------------------------------------------------------
 Sort
   Sort Key: id
   ->  Custom Scan (ParadeDB Scan) on data_records
         Table: data_records
         Index: records_no_fast_idx
         Exec Method: NormalScanExecState
         Scores: false
         Tantivy Query: {"with_index":{"query":{"parse_with_field":{"field":"title","query_string":"product","lenient":null,"conjunction_mode":null}}}}
(8 rows)

-- Create a new index WITH explicit fast:true for non-text fields
DROP INDEX IF EXISTS records_no_fast_idx;
DROP INDEX IF EXISTS records_with_fast_idx;
CREATE INDEX records_with_fast_idx ON data_records
USING bm25 (
    id, title, category, price, in_stock, created_at, valid_period, quantity_range, tags
) WITH (
    key_field = 'id',
    text_fields = '{
        "title": { "tokenizer": {"type": "default"} },
        "category": { "fast": true, "tokenizer": {"type": "keyword"} },
        "tags": { "fast": true, "tokenizer": {"type": "keyword"} }
    }',
    numeric_fields = '{"price":{"fast":true}}',
    boolean_fields = '{"in_stock":{"fast":true}}',
    range_fields = '{"quantity_range":{"fast":true},"valid_period":{"fast":true}}',
    datetime_fields = '{"created_at":{"fast":true}}'
);
-- '--- Tests with index WITH explicit fast:true for non-text fields ---'
-- 'Test 4: ORDER BY with LIMIT (should use TopNScanExecState)'
EXPLAIN (FORMAT TEXT, COSTS OFF, TIMING OFF)
SELECT id, title, category
FROM data_records
WHERE title @@@ 'product'
ORDER BY price
LIMIT 10;
                                                                       QUERY PLAN                                                                       
--------------------------------------------------------------------------------------------------------------------------------------------------------
 Limit
   ->  Custom Scan (ParadeDB Scan) on data_records
         Table: data_records
         Index: records_with_fast_idx
         Exec Method: TopNScanExecState
         Scores: false
            Sort Field: price
            Sort Direction: asc
            Top N Limit: 10
         Tantivy Query: {"with_index":{"query":{"parse_with_field":{"field":"title","query_string":"product","lenient":null,"conjunction_mode":null}}}}
(10 rows)

EXPLAIN (FORMAT TEXT, COSTS OFF, TIMING OFF)
SELECT id, title, category
FROM data_records
WHERE title @@@ 'product'
ORDER BY in_stock
LIMIT 10;
                                                                       QUERY PLAN                                                                       
--------------------------------------------------------------------------------------------------------------------------------------------------------
 Limit
   ->  Custom Scan (ParadeDB Scan) on data_records
         Table: data_records
         Index: records_with_fast_idx
         Exec Method: TopNScanExecState
         Scores: false
            Sort Field: in_stock
            Sort Direction: asc
            Top N Limit: 10
         Tantivy Query: {"with_index":{"query":{"parse_with_field":{"field":"title","query_string":"product","lenient":null,"conjunction_mode":null}}}}
(10 rows)

EXPLAIN (FORMAT TEXT, COSTS OFF, TIMING OFF)
SELECT id, title, category
FROM data_records
WHERE title @@@ 'product'
ORDER BY valid_period
LIMIT 10;
                                                                       QUERY PLAN                                                                       
--------------------------------------------------------------------------------------------------------------------------------------------------------
 Limit
   ->  Custom Scan (ParadeDB Scan) on data_records
         Table: data_records
         Index: records_with_fast_idx
         Exec Method: TopNScanExecState
         Scores: false
            Sort Field: valid_period
            Sort Direction: asc
            Top N Limit: 10
         Tantivy Query: {"with_index":{"query":{"parse_with_field":{"field":"title","query_string":"product","lenient":null,"conjunction_mode":null}}}}
(10 rows)

EXPLAIN (FORMAT TEXT, COSTS OFF, TIMING OFF)
SELECT id, title, category
FROM data_records
WHERE title @@@ 'product'
ORDER BY created_at
LIMIT 10;
                                                                       QUERY PLAN                                                                       
--------------------------------------------------------------------------------------------------------------------------------------------------------
 Limit
   ->  Custom Scan (ParadeDB Scan) on data_records
         Table: data_records
         Index: records_with_fast_idx
         Exec Method: TopNScanExecState
         Scores: false
            Sort Field: created_at
            Sort Direction: asc
            Top N Limit: 10
         Tantivy Query: {"with_index":{"query":{"parse_with_field":{"field":"title","query_string":"product","lenient":null,"conjunction_mode":null}}}}
(10 rows)

-- 'Test 5: ORDER BY with no LIMIT (should use MixedFastFieldExecState)'
EXPLAIN (FORMAT TEXT, COSTS OFF, TIMING OFF)
SELECT id, category, price, in_stock, created_at, valid_period, quantity_range, tags
FROM data_records
WHERE title @@@ 'product'
ORDER BY id;
                                                                       QUERY PLAN                                                                       
--------------------------------------------------------------------------------------------------------------------------------------------------------
 Sort
   Sort Key: id
   ->  Custom Scan (ParadeDB Scan) on data_records
         Table: data_records
         Index: records_with_fast_idx
         Exec Method: NormalScanExecState
         Scores: false
         Tantivy Query: {"with_index":{"query":{"parse_with_field":{"field":"title","query_string":"product","lenient":null,"conjunction_mode":null}}}}
(8 rows)

-- Create a new index WITH explicit fast:false for non-text fields
DROP INDEX IF EXISTS records_no_fast_idx;
DROP INDEX IF EXISTS records_with_fast_idx;
CREATE INDEX records_with_fast_idx ON data_records
USING bm25 (
    id, title, category, price, in_stock, created_at, valid_period, quantity_range, tags
) WITH (
    key_field = 'id',
    text_fields = '{
        "title": { "tokenizer": {"type": "default"} },
        "category": { "fast": true, "tokenizer": {"type": "keyword"} },
        "tags": { "fast": true, "tokenizer": {"type": "keyword"} }
    }',
    numeric_fields = '{"price":{"fast":false}}',
    boolean_fields = '{"in_stock":{"fast":false}}',
    range_fields = '{"quantity_range":{"fast":false},"valid_period":{"fast":false}}',
    datetime_fields = '{"created_at":{"fast":false}}'
);
-- '--- Tests with index WITH explicit fast:false for non-text fields ---'
-- 'Test 6: ORDER BY with LIMIT (should use TopNScanExecState)'
EXPLAIN (FORMAT TEXT, COSTS OFF, TIMING OFF)
SELECT id, title, category
FROM data_records
WHERE title @@@ 'product'
ORDER BY price
LIMIT 10;
                                                                          QUERY PLAN                                                                          
--------------------------------------------------------------------------------------------------------------------------------------------------------------
 Limit
   ->  Sort
         Sort Key: price
         ->  Custom Scan (ParadeDB Scan) on data_records
               Table: data_records
               Index: records_with_fast_idx
               Exec Method: NormalScanExecState
               Scores: false
                  Top N Limit: 10
               Tantivy Query: {"with_index":{"query":{"parse_with_field":{"field":"title","query_string":"product","lenient":null,"conjunction_mode":null}}}}
(10 rows)

EXPLAIN (FORMAT TEXT, COSTS OFF, TIMING OFF)
SELECT id, title, category
FROM data_records
WHERE title @@@ 'product'
ORDER BY in_stock
LIMIT 10;
                                                                          QUERY PLAN                                                                          
--------------------------------------------------------------------------------------------------------------------------------------------------------------
 Limit
   ->  Sort
         Sort Key: in_stock
         ->  Custom Scan (ParadeDB Scan) on data_records
               Table: data_records
               Index: records_with_fast_idx
               Exec Method: NormalScanExecState
               Scores: false
                  Top N Limit: 10
               Tantivy Query: {"with_index":{"query":{"parse_with_field":{"field":"title","query_string":"product","lenient":null,"conjunction_mode":null}}}}
(10 rows)

EXPLAIN (FORMAT TEXT, COSTS OFF, TIMING OFF)
SELECT id, title, category
FROM data_records
WHERE title @@@ 'product'
ORDER BY valid_period
LIMIT 10;
                                                                          QUERY PLAN                                                                          
--------------------------------------------------------------------------------------------------------------------------------------------------------------
 Limit
   ->  Sort
         Sort Key: valid_period
         ->  Custom Scan (ParadeDB Scan) on data_records
               Table: data_records
               Index: records_with_fast_idx
               Exec Method: NormalScanExecState
               Scores: false
                  Top N Limit: 10
               Tantivy Query: {"with_index":{"query":{"parse_with_field":{"field":"title","query_string":"product","lenient":null,"conjunction_mode":null}}}}
(10 rows)

EXPLAIN (FORMAT TEXT, COSTS OFF, TIMING OFF)
SELECT id, title, category
FROM data_records
WHERE title @@@ 'product'
ORDER BY created_at
LIMIT 10;
                                                                          QUERY PLAN                                                                          
--------------------------------------------------------------------------------------------------------------------------------------------------------------
 Limit
   ->  Sort
         Sort Key: created_at
         ->  Custom Scan (ParadeDB Scan) on data_records
               Table: data_records
               Index: records_with_fast_idx
               Exec Method: NormalScanExecState
               Scores: false
                  Top N Limit: 10
               Tantivy Query: {"with_index":{"query":{"parse_with_field":{"field":"title","query_string":"product","lenient":null,"conjunction_mode":null}}}}
(10 rows)

-- 'Test 7: ORDER BY with no LIMIT (should use MixedFastFieldExecState)'
EXPLAIN (FORMAT TEXT, COSTS OFF, TIMING OFF)
SELECT id, category, price, in_stock, created_at, valid_period, quantity_range, tags
FROM data_records
WHERE title @@@ 'product'
ORDER BY id;
                                                                       QUERY PLAN                                                                       
--------------------------------------------------------------------------------------------------------------------------------------------------------
 Sort
   Sort Key: id
   ->  Custom Scan (ParadeDB Scan) on data_records
         Table: data_records
         Index: records_with_fast_idx
         Exec Method: NormalScanExecState
         Scores: false
         Tantivy Query: {"with_index":{"query":{"parse_with_field":{"field":"title","query_string":"product","lenient":null,"conjunction_mode":null}}}}
(8 rows)

-- Cleanup
DROP INDEX IF EXISTS records_no_fast_idx;
DROP INDEX IF EXISTS records_with_fast_idx;
DROP TABLE IF EXISTS data_records;
\i common/common_cleanup.sql 
-- Reset parallel workers setting to default
RESET max_parallel_workers_per_gather;
RESET enable_indexscan;
RESET paradedb.enable_mixed_fast_field_exec;
SELECT 'Common tests cleanup complete' AS status; 
            status             
-------------------------------
 Common tests cleanup complete
(1 row)

