-- Tests type conversion edge cases with mixed fast fields
\i common/mixedff_advanced_setup.sql
CREATE EXTENSION IF NOT EXISTS pg_search;
-- Disable parallel workers to avoid differences in plans
SET max_parallel_workers_per_gather = 0;
SET enable_indexscan to OFF;
-- Drop any existing test tables from this group
DROP TABLE IF EXISTS documents CASCADE;
DROP TABLE IF EXISTS files CASCADE; 
DROP TABLE IF EXISTS pages CASCADE;
DROP TABLE IF EXISTS mixed_numeric_string_test CASCADE;
DROP TABLE IF EXISTS categories CASCADE;
DROP TABLE IF EXISTS products CASCADE;
DROP TABLE IF EXISTS conversion_test CASCADE;
-- Create test table for mixed fast and non-fast fields
CREATE TABLE mixed_numeric_string_test (
    id TEXT PRIMARY KEY,
    numeric_field1 INTEGER NOT NULL,
    numeric_field2 BIGINT NOT NULL,
    string_field1 TEXT NOT NULL,
    string_field2 TEXT NOT NULL,
    string_field3 TEXT NOT NULL,
    content TEXT
);
CREATE INDEX mixed_test_search ON mixed_numeric_string_test USING bm25 (
    id,
    numeric_field1,
    numeric_field2,
    string_field1,
    string_field2,
    string_field3,
    content
) WITH (
    key_field = 'id',
    text_fields = '{"string_field1": {"tokenizer": {"type": "default"}, "fast": true}, "string_field2": {"tokenizer": {"type": "default"}, "fast": true}, "string_field3": {"tokenizer": {"type": "default"}, "fast": true}, "content": {"tokenizer": {"type": "default"}}}',
    numeric_fields = '{"numeric_field1": {"fast": true}, "numeric_field2": {"fast": true}}'
);
psql:common/mixedff_advanced_setup.sql:39: WARNING:  the `raw` tokenizer is deprecated
-- Insert test data
INSERT INTO mixed_numeric_string_test (id, numeric_field1, numeric_field2, string_field1, string_field2, string_field3, content) VALUES
('mix1', 100, 10000, 'Apple', 'Red', 'Fruit', 'This is a red apple'),
('mix2', 200, 20000, 'Banana', 'Yellow', 'Fruit', 'This is a yellow banana'),
('mix3', 300, 30000, 'Carrot', 'Orange', 'Vegetable', 'This is an orange carrot'),
('mix4', 400, 40000, 'Donut', 'Brown', 'Dessert', 'This is a chocolate donut'),
('mix5', 500, 50000, 'Egg', 'White', 'Protein', 'This is a white egg');
-- Data for window functions and UNION
DO $$
DECLARE
    i INTEGER;
BEGIN
    FOR i IN 1..10 LOOP
        INSERT INTO mixed_numeric_string_test (
            id, 
            numeric_field1, 
            numeric_field2, 
            string_field1, 
            string_field2, 
            string_field3, 
            content
        ) VALUES (
            'window' || i,
            (i * 10),
            (i * 100),
            'Group' || (i % 3),
            'Window' || (i % 2),
            'Test',
            'Window function test with searchable terms'
        );
    END LOOP;
END $$;
-- Set up document tables for advanced features
CREATE TABLE documents (
    id TEXT PRIMARY KEY,
    title TEXT NOT NULL,
    content TEXT,
    parents TEXT NOT NULL,
    created_at TIMESTAMP DEFAULT NOW()
);
CREATE TABLE files (
    id TEXT NOT NULL UNIQUE,
    documentId TEXT NOT NULL,
    title TEXT NOT NULL,
    file_path TEXT NOT NULL,
    file_size INTEGER,
    created_at TIMESTAMP DEFAULT NOW(),
    PRIMARY KEY (id, documentId),
    FOREIGN KEY (documentId) REFERENCES documents(id)
);
CREATE TABLE pages (
    id TEXT NOT NULL UNIQUE,
    fileId TEXT NOT NULL,
    page_number INTEGER NOT NULL,
    content TEXT NOT NULL,
    metadata JSONB,
    created_at TIMESTAMP DEFAULT NOW(),
    PRIMARY KEY (id, fileId),
    FOREIGN KEY (fileId) REFERENCES files(id)
);
-- Create BM25 indexes
CREATE INDEX documents_search ON documents USING bm25 (
    id,
    title,
    parents,
    content
) WITH (
    key_field = 'id',
    text_fields = '{"title": {"tokenizer": {"type": "default"}, "fast": true}, "parents": {"tokenizer": {"type": "default"}, "fast": true}, "content": {"tokenizer": {"type": "default"}, "fast": true}}'
);
psql:common/mixedff_advanced_setup.sql:115: WARNING:  the `raw` tokenizer is deprecated
CREATE INDEX files_search ON files USING bm25 (
    id,
    documentId,
    title,
    file_path
) WITH (
    key_field = 'id',
    text_fields = '{"documentid": {"tokenizer": {"type": "keyword"}, "fast": true}, "title": {"tokenizer": {"type": "default"}, "fast": true}, "file_path": {"tokenizer": {"type": "default"}, "fast": true}}'
);
psql:common/mixedff_advanced_setup.sql:125: WARNING:  the `raw` tokenizer is deprecated
CREATE INDEX pages_search ON pages USING bm25 (
    id,
    fileId,
    content,
    page_number
) WITH (
    key_field = 'id',
    text_fields = '{"fileid": {"tokenizer": {"type": "keyword"}, "fast": true}, "content": {"tokenizer": {"type": "default"}}}',
    numeric_fields = '{"page_number": {"fast": true}}'
);
psql:common/mixedff_advanced_setup.sql:136: WARNING:  the `raw` tokenizer is deprecated
-- Insert sample data
INSERT INTO documents (id, title, content, parents) VALUES
('doc1', 'Invoice 2023', 'This is an invoice for services rendered in 2023', 'Factures'),
('doc2', 'Receipt 2023', 'This is a receipt for payment received in 2023', 'Factures'),
('doc3', 'Contract 2023', 'This is a contract for services in 2023', 'Contracts');
INSERT INTO files (id, documentId, title, file_path, file_size) VALUES
('file1', 'doc1', 'Invoice PDF', '/invoices/2023.pdf', 1024),
('file2', 'doc1', 'Invoice Receipt', '/invoices/2023_receipt.pdf', 512),
('file3', 'doc2', 'Receipt', '/receipts/2023.pdf', 256),
('file4', 'doc3', 'Contract Document', '/contracts/2023.pdf', 2048);
INSERT INTO pages (id, fileId, page_number, content) VALUES
('page1', 'file1', 1, 'Page 1 of Invoice PDF with Socienty General details'),
('page2', 'file1', 2, 'Page 2 of Invoice PDF with payment information'),
('page3', 'file2', 1, 'Page 1 of Invoice Receipt with bank details'),
('page4', 'file3', 1, 'Page 1 of Receipt with Socienty General information'),
('page5', 'file3', 2, 'Page 2 of Receipt with transaction ID'),
('page6', 'file4', 1, 'Page 1 of Contract Document with terms and conditions');
-- Create recursive CTE test data
CREATE TABLE categories (
    id SERIAL PRIMARY KEY,
    name TEXT NOT NULL,
    description TEXT,
    parent_id INTEGER REFERENCES categories(id)
);
CREATE INDEX category_search ON categories USING bm25 (
    id,
    name,
    description
) WITH (
    key_field = 'id',
    text_fields = '{"name": {"tokenizer": {"type": "default"}, "fast": true}, "description": {"tokenizer": {"type": "default"}, "fast": true}}'
);
INSERT INTO categories (name, description, parent_id) VALUES
('Electronics', 'Electronic devices and accessories', NULL),
('Computers', 'Desktop and laptop computers', 1),
('Smartphones', 'Mobile phones and accessories', 1),
('Clothing', 'Apparel and fashion items', NULL),
('Men''s Clothing', 'Clothing for men', 4),
('Women''s Clothing', 'Clothing for women', 4),
('Food', 'Edible products', NULL),
('Dairy', 'Milk and dairy products', 7),
('Bakery', 'Bread and baked goods', 7);
-- Create products for multi-index search
CREATE TABLE products (
    id SERIAL PRIMARY KEY,
    name TEXT NOT NULL,
    category_id INTEGER REFERENCES categories(id),
    price FLOAT NOT NULL
);
CREATE INDEX product_search ON products USING bm25 (
    id,
    name,
    category_id,
    price
) WITH (
    key_field = 'id',
    text_fields = '{"name": {"tokenizer": {"type": "default"}, "fast": true}}',
    numeric_fields = '{"category_id": {"fast": true}, "price": {"fast": true}}'
);
INSERT INTO products (name, category_id, price) VALUES
('Laptop Pro', 2, 1299.99),
('Smartphone X', 3, 899.99),
('Men''s Shirt', 5, 49.99),
('Women''s Dress', 6, 199.99),
('Milk Carton', 8, 3.99),
('Bread Loaf', 9, 5.99);
-- Create table for type conversion testing
CREATE TABLE conversion_test (
    id TEXT PRIMARY KEY,
    smallint_field SMALLINT,
    integer_field INTEGER,
    bigint_field BIGINT,
    numeric_field FLOAT,
    real_field REAL,
    double_field DOUBLE PRECISION,
    bool_from_int BOOLEAN,
    timestamp_field TIMESTAMP,
    content TEXT
);
CREATE INDEX conversion_search ON conversion_test USING bm25 (
    id, 
    smallint_field, 
    integer_field, 
    bigint_field, 
    numeric_field, 
    real_field, 
    double_field, 
    bool_from_int,
    timestamp_field,
    content
) WITH (
    key_field = 'id',
    text_fields = '{"content": {"tokenizer": {"type": "default"}}}',
    numeric_fields = '{
        "smallint_field": {"fast": true}, 
        "integer_field": {"fast": true}, 
        "bigint_field": {"fast": true}, 
        "numeric_field": {"fast": true}, 
        "real_field": {"fast": true}, 
        "double_field": {"fast": true}
    }',
    boolean_fields = '{"bool_from_int": {"fast": true}}'
);
psql:common/mixedff_advanced_setup.sql:250: WARNING:  the `raw` tokenizer is deprecated
INSERT INTO conversion_test VALUES
('conv1', 32767, 2147483647, 9223372036854775807, 9999999.99, 3.402e38, 1.7976931348623157e308, true, '1988-04-29', 'conversion test'),
('conv2', -32768, -2147483648, -9223372036854775808, -9999999.99, -3.402e38, -1.7976931348623157e308, false, '1999-12-31', 'conversion test'),
('conv3', 0, 0, 0, 0.0, 0.0, 0.0, false, '2000-01-01', 'conversion test');
-- Add a product with a distinct string for testing
INSERT INTO mixed_numeric_string_test (id, numeric_field1, numeric_field2, string_field1, string_field2, string_field3, content) VALUES
('unique1', 42, 4242, 'Unique Product Z', 'Test', 'Item', 'This is a uniqueproductZ for testing mixed fields'); 
-- Create test tables
DROP TABLE IF EXISTS union_test_a;
DROP TABLE IF EXISTS union_test_b;
CREATE TABLE union_test_a (
    id SERIAL PRIMARY KEY,
    title TEXT,
    author TEXT,
    rating FLOAT,
    year INTEGER,
    price FLOAT,
    is_published BOOLEAN
);
CREATE TABLE union_test_b (
    id SERIAL PRIMARY KEY,
    title TEXT,
    author TEXT,
    rating FLOAT,
    year INTEGER,
    price FLOAT,
    is_published BOOLEAN
);
-- Insert test data with deterministic values
INSERT INTO union_test_a (title, author, rating, year, price, is_published)
SELECT
    'Book A' || i,
    'Author ' || (1 + (i % 10)),
    (3 + (i % 3))::float,  -- Ratings from 3 to 5
    2000 + (i % 22),
    (10 + (i * 5))::float,   -- Deterministic prices
    i % 3 != 0               -- Deterministic boolean pattern
FROM generate_series(1, 50) i;
INSERT INTO union_test_b (title, author, rating, year, price, is_published)
SELECT
    'Book B' || i,
    'Author ' || (1 + (i % 15)),
    (1 + (i % 5))::float,  -- Ratings from 1 to 5
    1980 + (i % 40),
    (15 + (i * 3))::float,   -- Deterministic prices
    i % 4 != 0               -- Deterministic boolean pattern
FROM generate_series(1, 50) i;
-- Create indices with mixed fast fields
DROP INDEX IF EXISTS union_test_a_idx;
DROP INDEX IF EXISTS union_test_b_idx;
CREATE INDEX union_test_a_idx ON union_test_a
USING bm25 (id, title, author, rating, year, price, is_published)
WITH (
    key_field = 'id',
    text_fields = '{"title": {"tokenizer": {"type": "default"}, "fast": true}, "author": {"tokenizer": {"type": "default"}, "fast": true}}',
    numeric_fields = '{"rating": {"fast": true}, "year": {"fast": true}, "price": {"fast": true}}',
    boolean_fields = '{"is_published": {"fast": true}}'
);
CREATE INDEX union_test_b_idx ON union_test_b
USING bm25 (id, title, author, rating, year, price, is_published)
WITH (
    key_field = 'id',
    text_fields = '{"title": {"tokenizer": {"type": "default"}, "fast": true}, "author": {"tokenizer": {"type": "default"}, "fast": true}}',
    numeric_fields = '{"rating": {"fast": true}, "year": {"fast": true}, "price": {"fast": true}}',
    boolean_fields = '{"is_published": {"fast": true}}'
);
\echo 'Test: Type conversion edge cases'
Test: Type conversion edge cases
-- Test implicit type conversions
EXPLAIN (FORMAT TEXT, COSTS OFF)
SELECT id, smallint_field, integer_field, bigint_field
FROM conversion_test
WHERE content @@@ 'conversion test';
                                                                         QUERY PLAN                                                                         
------------------------------------------------------------------------------------------------------------------------------------------------------------
 Custom Scan (ParadeDB Scan) on conversion_test
   Table: conversion_test
   Index: conversion_search
   Segment Count: 1
   Exec Method: MixedFastFieldExecState
   Fast Fields: id, bigint_field, integer_field, smallint_field
   String Fast Fields: id
   Numeric Fast Fields: bigint_field, integer_field, smallint_field
   Scores: false
   Tantivy Query: {"with_index":{"query":{"parse_with_field":{"field":"content","query_string":"conversion test","lenient":null,"conjunction_mode":null}}}}
(10 rows)

-- Check values for different integer types
SELECT id, smallint_field, integer_field, bigint_field
FROM conversion_test
WHERE content @@@ 'conversion test'
ORDER BY id;
  id   | smallint_field | integer_field |     bigint_field     
-------+----------------+---------------+----------------------
 conv1 |          32767 |    2147483647 |  9223372036854775807
 conv2 |         -32768 |   -2147483648 | -9223372036854775808
 conv3 |              0 |             0 |                    0
(3 rows)

-- Check floating point type conversions
SELECT id, real_field, double_field
FROM conversion_test
WHERE content @@@ 'conversion test'
ORDER BY id;
  id   | real_field |       double_field       
-------+------------+--------------------------
 conv1 |  3.402e+38 |  1.7976931348623157e+308
 conv2 | -3.402e+38 | -1.7976931348623157e+308
 conv3 |          0 |                        0
(3 rows)

-- Check boolean conversions
SELECT id, bool_from_int
FROM conversion_test
WHERE content @@@ 'conversion test'
ORDER BY id;
  id   | bool_from_int 
-------+---------------
 conv1 | t
 conv2 | f
 conv3 | f
(3 rows)

-- Check timestamp field conversions
SELECT id, timestamp_field
FROM conversion_test
WHERE content @@@ 'conversion test'
ORDER BY id;
  id   |     timestamp_field      
-------+--------------------------
 conv1 | Fri Apr 29 00:00:00 1988
 conv2 | Fri Dec 31 00:00:00 1999
 conv3 | Sat Jan 01 00:00:00 2000
(3 rows)

-- Test type coercion in operations
SELECT 
    id,
    smallint_field + integer_field as addIntegers,
    smallint_field::float / NULLIF(integer_field, 0) as divideIntegers
FROM conversion_test
WHERE content @@@ 'conversion test'
ORDER BY id;
ERROR:  integer out of range
-- Test numeric string conversion
SELECT 
    id,
    string_field1,
    CASE 
        WHEN string_field1 ~ '^[0-9]+$' THEN string_field1::integer * 2
        ELSE numeric_field1
    END as converted_value
FROM mixed_numeric_string_test
WHERE string_field1 @@@ 'Unique'
ORDER BY id;
   id    |  string_field1   | converted_value 
---------+------------------+-----------------
 unique1 | Unique Product Z |              42
(1 row)

-- Test string concatenation with numbers
SELECT 
    id,
    string_field1 || ' - ' || numeric_field1::text as text_with_num
FROM mixed_numeric_string_test
WHERE numeric_field1 > 0 AND string_field1 @@@ 'Apple'
ORDER BY id;
  id  | text_with_num 
------+---------------
 mix1 | Apple - 100
(1 row)

-- Test date conversions with text output
SELECT 
    id,
    timestamp_field,
    timestamp_field::date as just_date,
    timestamp_field::time as just_time,
    to_char(timestamp_field, 'YYYY-MM-DD') as formatted_date
FROM conversion_test
WHERE content @@@ 'conversion test'
ORDER BY timestamp_field
LIMIT 2;
  id   |     timestamp_field      | just_date  | just_time | formatted_date 
-------+--------------------------+------------+-----------+----------------
 conv1 | Fri Apr 29 00:00:00 1988 | 04-29-1988 | 00:00:00  | 1988-04-29
 conv2 | Fri Dec 31 00:00:00 1999 | 12-31-1999 | 00:00:00  | 1999-12-31
(2 rows)

-- Test complex type conversion in a CASE expression
SELECT 
    id,
    CASE
        WHEN numeric_field1 > 300 THEN 'High Value'
        WHEN numeric_field1 > 100 THEN 'Medium Value'
        ELSE 'Low Value'
    END as numeric_category,
    string_field1
FROM mixed_numeric_string_test
WHERE content @@@ 'is'
ORDER BY numeric_field1
LIMIT 3;
   id    | numeric_category |  string_field1   
---------+------------------+------------------
 unique1 | Low Value        | Unique Product Z
 mix1    | Low Value        | Apple
 mix2    | Medium Value     | Banana
(3 rows)

\i common/mixedff_advanced_cleanup.sql 
-- Cleanup for advanced features tests (13-21)
-- Drop the tables used in these tests (in reverse order to handle dependencies)
DROP TABLE IF EXISTS conversion_test CASCADE;
DROP TABLE IF EXISTS products CASCADE;
DROP TABLE IF EXISTS categories CASCADE;
DROP TABLE IF EXISTS pages CASCADE;
DROP TABLE IF EXISTS files CASCADE;
DROP TABLE IF EXISTS documents CASCADE;
DROP TABLE IF EXISTS mixed_numeric_string_test CASCADE;
DROP INDEX IF EXISTS union_test_a_idx CASCADE;
DROP INDEX IF EXISTS union_test_b_idx CASCADE;
DROP TABLE IF EXISTS union_test_a CASCADE;
DROP TABLE IF EXISTS union_test_b CASCADE; 
-- Reset parallel workers setting to default
RESET max_parallel_workers_per_gather;
RESET enable_indexscan;
SELECT 'Advanced features tests cleanup complete' AS status; 
                  status                  
------------------------------------------
 Advanced features tests cleanup complete
(1 row)

