-- Tests score function behavior with mixed fast fields
\i common/mixedff_advanced_setup.sql
CREATE EXTENSION IF NOT EXISTS pg_search;
-- Disable parallel workers to avoid differences in plans
SET max_parallel_workers_per_gather = 0;
-- Drop any existing test tables from this group
DROP TABLE IF EXISTS documents CASCADE;
DROP TABLE IF EXISTS files CASCADE; 
DROP TABLE IF EXISTS pages CASCADE;
DROP TABLE IF EXISTS mixed_numeric_string_test CASCADE;
DROP TABLE IF EXISTS categories CASCADE;
DROP TABLE IF EXISTS products CASCADE;
DROP TABLE IF EXISTS conversion_test CASCADE;
-- Create test table for mixed fast and non-fast fields
CREATE TABLE mixed_numeric_string_test (
    id TEXT PRIMARY KEY,
    numeric_field1 INTEGER NOT NULL,
    numeric_field2 BIGINT NOT NULL,
    string_field1 TEXT NOT NULL,
    string_field2 TEXT NOT NULL,
    string_field3 TEXT NOT NULL,
    content TEXT
);
CREATE INDEX mixed_test_search ON mixed_numeric_string_test USING bm25 (
    id,
    numeric_field1,
    numeric_field2,
    string_field1,
    string_field2,
    string_field3,
    content
) WITH (
    key_field = 'id',
    text_fields = '{"string_field1": {"tokenizer": {"type": "default"}, "fast": true}, "string_field2": {"tokenizer": {"type": "default"}, "fast": true}, "string_field3": {"tokenizer": {"type": "default"}, "fast": true}, "content": {"tokenizer": {"type": "default"}}}',
    numeric_fields = '{"numeric_field1": {"fast": true}, "numeric_field2": {"fast": true}}'
);
psql:common/mixedff_advanced_setup.sql:38: WARNING:  the `raw` tokenizer is deprecated
-- Insert test data
INSERT INTO mixed_numeric_string_test (id, numeric_field1, numeric_field2, string_field1, string_field2, string_field3, content) VALUES
('mix1', 100, 10000, 'Apple', 'Red', 'Fruit', 'This is a red apple'),
('mix2', 200, 20000, 'Banana', 'Yellow', 'Fruit', 'This is a yellow banana'),
('mix3', 300, 30000, 'Carrot', 'Orange', 'Vegetable', 'This is an orange carrot'),
('mix4', 400, 40000, 'Donut', 'Brown', 'Dessert', 'This is a chocolate donut'),
('mix5', 500, 50000, 'Egg', 'White', 'Protein', 'This is a white egg');
-- Data for window functions and UNION
DO $$
DECLARE
    i INTEGER;
BEGIN
    FOR i IN 1..10 LOOP
        INSERT INTO mixed_numeric_string_test (
            id, 
            numeric_field1, 
            numeric_field2, 
            string_field1, 
            string_field2, 
            string_field3, 
            content
        ) VALUES (
            'window' || i,
            (i * 10),
            (i * 100),
            'Group' || (i % 3),
            'Window' || (i % 2),
            'Test',
            'Window function test with searchable terms'
        );
    END LOOP;
END $$;
-- Set up document tables for advanced features
CREATE TABLE documents (
    id TEXT PRIMARY KEY,
    title TEXT NOT NULL,
    content TEXT,
    parents TEXT NOT NULL,
    created_at TIMESTAMP DEFAULT NOW()
);
CREATE TABLE files (
    id TEXT NOT NULL UNIQUE,
    documentId TEXT NOT NULL,
    title TEXT NOT NULL,
    file_path TEXT NOT NULL,
    file_size INTEGER,
    created_at TIMESTAMP DEFAULT NOW(),
    PRIMARY KEY (id, documentId),
    FOREIGN KEY (documentId) REFERENCES documents(id)
);
CREATE TABLE pages (
    id TEXT NOT NULL UNIQUE,
    fileId TEXT NOT NULL,
    page_number INTEGER NOT NULL,
    content TEXT NOT NULL,
    metadata JSONB,
    created_at TIMESTAMP DEFAULT NOW(),
    PRIMARY KEY (id, fileId),
    FOREIGN KEY (fileId) REFERENCES files(id)
);
-- Create BM25 indexes
CREATE INDEX documents_search ON documents USING bm25 (
    id,
    title,
    parents,
    content
) WITH (
    key_field = 'id',
    text_fields = '{"title": {"tokenizer": {"type": "default"}, "fast": true}, "parents": {"tokenizer": {"type": "default"}, "fast": true}, "content": {"tokenizer": {"type": "default"}, "fast": true}}'
);
psql:common/mixedff_advanced_setup.sql:114: WARNING:  the `raw` tokenizer is deprecated
CREATE INDEX files_search ON files USING bm25 (
    id,
    documentId,
    title,
    file_path
) WITH (
    key_field = 'id',
    text_fields = '{"documentid": {"tokenizer": {"type": "keyword"}, "fast": true}, "title": {"tokenizer": {"type": "default"}, "fast": true}, "file_path": {"tokenizer": {"type": "default"}, "fast": true}}'
);
psql:common/mixedff_advanced_setup.sql:124: WARNING:  the `raw` tokenizer is deprecated
CREATE INDEX pages_search ON pages USING bm25 (
    id,
    fileId,
    content,
    page_number
) WITH (
    key_field = 'id',
    text_fields = '{"fileid": {"tokenizer": {"type": "keyword"}, "fast": true}, "content": {"tokenizer": {"type": "default"}}}',
    numeric_fields = '{"page_number": {"fast": true}}'
);
psql:common/mixedff_advanced_setup.sql:135: WARNING:  the `raw` tokenizer is deprecated
-- Insert sample data
INSERT INTO documents (id, title, content, parents) VALUES
('doc1', 'Invoice 2023', 'This is an invoice for services rendered in 2023', 'Factures'),
('doc2', 'Receipt 2023', 'This is a receipt for payment received in 2023', 'Factures'),
('doc3', 'Contract 2023', 'This is a contract for services in 2023', 'Contracts');
INSERT INTO files (id, documentId, title, file_path, file_size) VALUES
('file1', 'doc1', 'Invoice PDF', '/invoices/2023.pdf', 1024),
('file2', 'doc1', 'Invoice Receipt', '/invoices/2023_receipt.pdf', 512),
('file3', 'doc2', 'Receipt', '/receipts/2023.pdf', 256),
('file4', 'doc3', 'Contract Document', '/contracts/2023.pdf', 2048);
INSERT INTO pages (id, fileId, page_number, content) VALUES
('page1', 'file1', 1, 'Page 1 of Invoice PDF with Socienty General details'),
('page2', 'file1', 2, 'Page 2 of Invoice PDF with payment information'),
('page3', 'file2', 1, 'Page 1 of Invoice Receipt with bank details'),
('page4', 'file3', 1, 'Page 1 of Receipt with Socienty General information'),
('page5', 'file3', 2, 'Page 2 of Receipt with transaction ID'),
('page6', 'file4', 1, 'Page 1 of Contract Document with terms and conditions');
-- Create recursive CTE test data
CREATE TABLE categories (
    id SERIAL PRIMARY KEY,
    name TEXT NOT NULL,
    description TEXT,
    parent_id INTEGER REFERENCES categories(id)
);
CREATE INDEX category_search ON categories USING bm25 (
    id,
    name,
    description
) WITH (
    key_field = 'id',
    text_fields = '{"name": {"tokenizer": {"type": "default"}, "fast": true}, "description": {"tokenizer": {"type": "default"}, "fast": true}}'
);
INSERT INTO categories (name, description, parent_id) VALUES
('Electronics', 'Electronic devices and accessories', NULL),
('Computers', 'Desktop and laptop computers', 1),
('Smartphones', 'Mobile phones and accessories', 1),
('Clothing', 'Apparel and fashion items', NULL),
('Men''s Clothing', 'Clothing for men', 4),
('Women''s Clothing', 'Clothing for women', 4),
('Food', 'Edible products', NULL),
('Dairy', 'Milk and dairy products', 7),
('Bakery', 'Bread and baked goods', 7);
-- Create products for multi-index search
CREATE TABLE products (
    id SERIAL PRIMARY KEY,
    name TEXT NOT NULL,
    category_id INTEGER REFERENCES categories(id),
    price NUMERIC(10,2) NOT NULL
);
CREATE INDEX product_search ON products USING bm25 (
    id,
    name,
    category_id,
    price
) WITH (
    key_field = 'id',
    text_fields = '{"name": {"tokenizer": {"type": "default"}, "fast": true}}',
    numeric_fields = '{"category_id": {"fast": true}, "price": {"fast": true}}'
);
INSERT INTO products (name, category_id, price) VALUES
('Laptop Pro', 2, 1299.99),
('Smartphone X', 3, 899.99),
('Men''s Shirt', 5, 49.99),
('Women''s Dress', 6, 199.99),
('Milk Carton', 8, 3.99),
('Bread Loaf', 9, 5.99);
-- Create table for type conversion testing
CREATE TABLE conversion_test (
    id TEXT PRIMARY KEY,
    smallint_field SMALLINT,
    integer_field INTEGER,
    bigint_field BIGINT,
    numeric_field NUMERIC(10,2),
    real_field REAL,
    double_field DOUBLE PRECISION,
    bool_from_int BOOLEAN,
    timestamp_field TIMESTAMP,
    content TEXT
);
CREATE INDEX conversion_search ON conversion_test USING bm25 (
    id, 
    smallint_field, 
    integer_field, 
    bigint_field, 
    numeric_field, 
    real_field, 
    double_field, 
    bool_from_int,
    timestamp_field,
    content
) WITH (
    key_field = 'id',
    text_fields = '{"content": {"tokenizer": {"type": "default"}}}',
    numeric_fields = '{
        "smallint_field": {"fast": true}, 
        "integer_field": {"fast": true}, 
        "bigint_field": {"fast": true}, 
        "numeric_field": {"fast": true}, 
        "real_field": {"fast": true}, 
        "double_field": {"fast": true}
    }',
    boolean_fields = '{"bool_from_int": {"fast": true}}'
);
psql:common/mixedff_advanced_setup.sql:249: WARNING:  the `raw` tokenizer is deprecated
INSERT INTO conversion_test VALUES
('conv1', 32767, 2147483647, 9223372036854775807, 9999999.99, 3.402e38, 1.7976931348623157e308, true, '1988-04-29', 'conversion test'),
('conv2', -32768, -2147483648, -9223372036854775808, -9999999.99, -3.402e38, -1.7976931348623157e308, false, '1999-12-31', 'conversion test'),
('conv3', 0, 0, 0, 0.0, 0.0, 0.0, false, '2000-01-01', 'conversion test');
-- Add a product with a distinct string for testing
INSERT INTO mixed_numeric_string_test (id, numeric_field1, numeric_field2, string_field1, string_field2, string_field3, content) VALUES
('unique1', 42, 4242, 'Unique Product Z', 'Test', 'Item', 'This is a uniqueproductZ for testing mixed fields'); 
\echo 'Test: Score function behavior'
Test: Score function behavior
-- Test 1: Basic score function with text field
EXPLAIN (FORMAT TEXT, COSTS OFF, TIMING OFF)
SELECT title, score(score_test_idx), rating
FROM score_test
WHERE content @@@ 'technology'
ORDER BY score(score_test_idx) DESC
LIMIT 10;
ERROR:  relation "score_test" does not exist at character 95
-- Test 2: Score function with mixed field types in selection
EXPLAIN (FORMAT TEXT, COSTS OFF, TIMING OFF)
SELECT title, author, rating, views, score(score_test_idx)
FROM score_test
WHERE content @@@ 'research'
ORDER BY rating DESC, score(score_test_idx) DESC
LIMIT 5;
ERROR:  relation "score_test" does not exist at character 110
-- Test 3: Score function with multiple conditions on different field types
EXPLAIN (FORMAT TEXT, COSTS OFF, TIMING OFF)
SELECT title, author, score(score_test_idx)
FROM score_test
WHERE content @@@ 'technology' AND rating >= 4 AND is_featured = true
ORDER BY score(score_test_idx) DESC;
ERROR:  relation "score_test" does not exist at character 95
-- Test 4: Using score in a CTE with mixed fields
EXPLAIN (FORMAT TEXT, COSTS OFF, TIMING OFF)
WITH scored_posts AS (
    SELECT title, author, rating, score(score_test_idx) as relevance
    FROM score_test
    WHERE content @@@ 'science OR research'
)
SELECT title, author, rating, relevance
FROM scored_posts
WHERE rating > 3
ORDER BY relevance DESC
LIMIT 10;
ERROR:  relation "score_test" does not exist at character 147
-- Test 5: Score function in subquery with mixed fields
EXPLAIN (FORMAT TEXT, COSTS OFF, TIMING OFF)
SELECT sp.title, sp.author, sp.relevance
FROM (
    SELECT title, author, score(score_test_idx) as relevance
    FROM score_test
    WHERE content @@@ 'technology' AND rating > 3
) sp
WHERE sp.relevance > 0.5
ORDER BY sp.relevance DESC;
ERROR:  relation "score_test" does not exist at character 164
-- Test 6: Score function with UNION
EXPLAIN (FORMAT TEXT, COSTS OFF, TIMING OFF)
SELECT title, author, score(score_test_idx) as relevance
FROM score_test
WHERE content @@@ 'technology'
UNION ALL
SELECT title, author, score(score_test_idx) as relevance
FROM score_test
WHERE content @@@ 'science' AND NOT (title @@@ 'technology')
ORDER BY relevance DESC
LIMIT 10;
ERROR:  relation "score_test" does not exist at character 108
-- Test 7: Score function with JOIN using mixed fields
EXPLAIN (FORMAT TEXT, COSTS OFF, TIMING OFF)
SELECT a.title, a.author, a.rating, a.score, b.title as related_title
FROM (
    SELECT title, author, rating, score(score_test_idx) as score
    FROM score_test
    WHERE content @@@ 'technology'
    ORDER BY score DESC
    LIMIT 5
) a
JOIN (
    SELECT title, author
    FROM score_test
    WHERE author IN (SELECT author FROM score_test WHERE content @@@ 'technology')
) b ON a.author = b.author AND a.title <> b.title;
ERROR:  relation "score_test" does not exist at character 197
-- Test 8: Score function with CASE expression and mixed fields
EXPLAIN (FORMAT TEXT, COSTS OFF, TIMING OFF)
SELECT 
    title, 
    author,
    rating,
    CASE 
        WHEN score(score_test_idx) > 0.8 THEN 'High Relevance'
        WHEN score(score_test_idx) > 0.5 THEN 'Medium Relevance'
        ELSE 'Low Relevance'
    END as relevance_category
FROM score_test
WHERE content @@@ 'research OR development'
ORDER BY score(score_test_idx) DESC
LIMIT 10;
ERROR:  relation "score_test" does not exist at character 292
-- Verify actual results of score function (not just execution method)
SELECT title, author, rating, score(score_test_idx) as relevance
FROM score_test
WHERE content @@@ 'technology' AND rating >= 4
ORDER BY relevance DESC
LIMIT 5;
ERROR:  relation "score_test" does not exist at character 71
-- Test combination of score function and different fast field types
SELECT title, author, rating, views, score(score_test_idx) as relevance
FROM score_test
WHERE content @@@ 'research' AND rating > 3 AND views > 1000
ORDER BY relevance DESC
LIMIT 3;
ERROR:  relation "score_test" does not exist at character 78
\i common/mixedff_advanced_cleanup.sql
-- Cleanup for advanced features tests (13-21)
-- Drop the tables used in these tests (in reverse order to handle dependencies)
DROP TABLE IF EXISTS conversion_test CASCADE;
DROP TABLE IF EXISTS products CASCADE;
DROP TABLE IF EXISTS categories CASCADE;
DROP TABLE IF EXISTS pages CASCADE;
DROP TABLE IF EXISTS files CASCADE;
DROP TABLE IF EXISTS documents CASCADE;
DROP TABLE IF EXISTS mixed_numeric_string_test CASCADE;
-- Reset parallel workers setting to default
RESET max_parallel_workers_per_gather;
SELECT 'Advanced features tests cleanup complete' AS status; 
                  status                  
------------------------------------------
 Advanced features tests cleanup complete
(1 row)

