\i common/common_setup.sql
CREATE EXTENSION IF NOT EXISTS pg_search;
-- Disable parallel workers to avoid differences in plans
SET max_parallel_workers_per_gather = 0;
SET enable_indexscan to OFF;
SET paradedb.enable_mixed_fast_field_exec = true;
\set very_long_token 'f2a8d9c4e3b17891a02c4dfe7b9a331e9d50a671fc52b81df83a2e7f9cc64b01c93b1769da25f1e2c8a3efb4d09c7e61b93f01c27ae4b5f861d239a6d02e8bcd41f2b075ce9d8a32f7e46b91d23a8cf74e56b091a32d7c84f5e69a1d3b72c8f04e59b27a6d03f81c59e4a2b79d36f0c18e52a7b40d19f83e56c1a72d94b08e31f6a2c47b59e0d12f83c64a79b25d10e48f97a32b61c05e72d98f13b04a26c71e59d80f23b47a19e65c02f38d97b14a20c53f68e91d07b24a95c30e71f68b02d14e59a83f27c60d09b45e31a72f18c94b06d23f80e57a12c69b04f35d78e01a26b93c57f09e42a15d86c30b71f64a29e03b58d92c47f10a63e29b05d71c84f36a02e97b10d45c68f23a09e54b81d67c30f12a95e08b43d76c21f59a07e62b84c10d35f97a42e19b06c85d73f20a48e95b03d61c27f90a54e18b36d72c09f85a41e26b07d93c58f12a69e40b31d75c08f97a24e63b19d05c84f21a90e56b37d14c72f09a63e85b02d41f78c26a50e93b17d08f62c35a49e01b84d27f90c53a06e19b75d42f80c18a24e56b91d37f02c68a13e79b05d40f92c67a08e35b19d74f23c10a81e59b06d47f13c20a96e54b02d71f38c05a47e29b10d93f61c27a80e14b95d36f20c83a07e52b68d01f94c25a39e76b04d81f60c27a15e93b48d02f57c36a09e24b71d85f03c10a42e96b57d18f20c64a09e53b41d27f82c19a05e38b67d04f91c25a80e16b59d72f03c47a12e58b09d64f31c20a87e46b13d05f92c78a24e19b53d60f07c81a35e42b10d97f25c68a09e34b51d72f06c80a93e57b24d18f31c09a45e62b07d90f38c12a56e84b20d17f05c31a69e94b03d28f70c16a45e12b89d37f04c21a56e08b73d90f25c46a31e19b57d04f82c13a05e27b68d49f01c70a35e18b62d04f97c25a09e46b13d80f51c32a07e58b19d25f60c84a92e17b03d46f21c05a70e18b42d53f96c20a47e31b05d92f18c03a64e57b10d85f29c47a16e09b23d80f65c51a92e37b04d70f12c98a25e41b69d83f30c07a19e65b84d20f12c73a05e49b92d16f80c53a28e14b07d91f35c62a04e79b15d08f93c47a20e65b91d54f03c82a16e07b40d29f18c36a05e94b73d62f01c15a48e29b07d35f60c81a54e92b13d27f40c09a62e75b08d91f24c53a30e16b07d95f41c60a23e09b47d15f32c81a54e20b17d63f09c28a35e74b10d86f92c41a07e20b69d35f08c72a14e53b29d90f64c01a85e38b26d07f42c95a10e83b19d54f30c78a41e25b06d32f09c17a63e85b47d12f91c28a35e04b67d10f20c09a83e57b41d62f35c98a24e10b07d29f63c54a18e90b36d27f42c15a80e97b19d03f75c62a41e50b08d24f36c19a07e28b92d63f10c35a56e41b09d27f93c14a28e76b03d58f42c10a87e53b19d62f07c45a31e92b80d14f63c29a10e05b47d83f21c54a68e39b12d07f25c93a01e74b50d20f18c63a95e02b17d84f30c46a25e93b51d07f62c80a34e59b19d08f42c75a60e10b13d28f04c71a20e69b15d87f36c02a90e14b27d53f61c80a47e19b03d25f46c38a71e59b10d64f21c87a02e35b19d42f08c53a06e47b18d21f90c62a85e14b30d67f19c05a08e43b72d26f91c37a20e10b04d96f85c21a58e47b30d14f09c72a36e50b93d27f41c15a08e20b76d39f92c54a63e71b19d05f82c07a60e28b35d49f13c10a52e64b08d73f91c57a24e36b09d80f41c62a17e25b34d08f29c73a06e48b91d02f65c87a13e09b54d72f40c31a15e23b07d08f56c29a34e81b47d92f10c73a06e58b31d19f27c20a09e45b16d82f93c54a07e61b39d24f80c15a23e19b68d04f72c31a95e28b10d57f14c20a69e32b41d08f56c37a15e49b72d30f81c64a02e57b93d16f09c75a84e12b05d27f30c18a90e03b64d81f26c54a78e19b07d93f41c12a05e84b69d37f10c20a92e46b71d58f03c27a18e95b60d09f74c02a13e58b27d63f04c81a92e16b30d85f47c20a95e02b61d13f48c79a36e24b07d58f10c31a08e49b25d63f71c02a95e84b60d13f37c50a09e21b78d15f64c03a47e90b16d32f80c57a14e25b91d38f02c64a07e85b93d21f40c16a28e10b07d52f69c84a35e17b09d92f46c58a21e63b70d04f19c83a27e90b65d12f34c01a80e73b46d25f09c92a14e07b65d30f58c81a39e04b27d93f60c21a57e83b95d18f47c10a36e54b29d70f08c62a09e73b10d42f05c37a18e61b29d94f50c71a20e07b68d35f93c82a14e56b17d04f10c35a61e84b72d93f25c18a09e60b35d47f14c23a02e91b84d19f67c52a10e06b29d83f75c31a48e92b15d04f38c60a09e21b87d73f10c56a28e49b91d20f37c05a84e13b29d68f02c17a90e74b53d61f48c02a13e85b20d64f09c57a34e92b76d18f41c03a29e50b14d72f60c08a93e21b05d38f87c19a20e64b71d35f92c04a47e10b59d83f26c12a08e34b50d90f17c63a28e95b19d04f71c32a09e18b64d23f05c87a51e29b60d94f10c38a07e83b21d45f62c09a14e58b19d87f03c70a36e95b02d18f40c09a64e32b07d21f05c87a90e73b19d56f20c08a45e12b61d84f03c97a28e50b16d42f09c70a13e91b83d04f27c65a18e59b20d94f03c41a09e76b52d18f37c64a29e10b05d81f92c13a47e25b38d09f60c17a58e04b91d32f27c89a51e16b40d75f03c28a09e13b80d54f61c95a47e32b19d08f23c71a60e45b27d13f04c92a05e63b89d47f28c01a54e79b12d63f85c40a97e16b05d24f03c18a65e47b09d12f93c70a20e08b41d76f35c14a57e29b04d68f23c10a39e92b15d27f80c16a54e41b09d03f28c35a60e90b12d14f87c73a25e49b36d50f02c19a67e31b10d24f43c08a29e96b57d85f12c60a04e15b92d37f08c21a63e80b19d05f34c57a92e26b17d40f13c78a54e60b29d15f02c34a89e91b06d28f10c47a39e25b80d62f14c05a90e73b18d24f61c29a87e15b46d50f09c12a35e42b10d97f03c21a09e48b16d30f72c54a95e83b19d40f26c10a68e07b12d45f29c18a05e64b91d32f47c81a09e73b20d19f68c37a25e15b09d94f72c13a48e30b67d52f10c21a04e97b83d15f62c09a70e56b24d18f93c45a27e12b80d64f31c19a05e41b09d83f76c27a54e68b32d15f09c17a90e43b18d71f26c05a48e92b63d09f37c80a24e15b97d46f12c30a05e89b17d04f92c76a13e58b40d71f23c16a82e05b64d27f90c14a08e31b19d53f46c25a97e70b83d02f14c09a26e51b60d38f47c95a12e09b19d85f23c47a01e52b37d18f96c09a85e27b60d34f71c02a19e08b95d57f41c36a04e60b17d38f29c81a07e43b19d04f63c20a89e92b58d10f71c25a34e05b90d47f19c83a64e27b15d09f56c02a18e70b41d36f28c05a49e94b21d12f37c65a10e52b07d84f63c09a75e14b80d96f02c47a30e19b61d25f08c72a04e83b59d14f67c23a91e10b05d45f38c76a19e24b13d08f92c10a81e27b35d94f60c14a57e09b23d48f16c90a84e62b07d35f01c20a47e53b92d18f06c41a09e37b15d60f02c73a14e81b09d54f37c05a29e10b42d86f03c75a60e91b27d04f93c19a53e05b47d62f18c40a23e90b71d08f15c04a76e34b09d51f63c20a89e72b13d05f14c47a02e63b71d80f19c08a56e43b02d79f05c91a18e27b35d46f20c97a54e60b03d15f84c92a10e39b74d25f07c18a53e41b96d20f62c75a08e10b35d97f46c02a31e19b28d04f67c09a75e13b02d84f60c19a97e54b31d20f16c07a92e35b49d01f28c10a67e85b37d92f60c23a05e78b14d97f03c41a20e95b36d18f12c08a62e39b57d40f91c03a17e52b94d20f65c08a73e42b59d16f81c24a90e17b38d54f20c03a61e82b07d45f96c39a14e20b18d64f72c53a09e47b80d61f35c02a10e93b59d78f24c19a36e17b40d85f09c26a54e70b32d18f63c97a14e20b06d59f47c10a81e35b92d64f03c12a87e04b61d23f79c58a16e34b07d92f41c20a39e84b59d25f06c30a17e18b90d67f12c04a25e09b37d53f10c72a48e91b63d05f40c16a24e59b37d82f10c94a50e23b16d72f41c09a85e07b53d02f39c64a58e71b19d46f20c80a92e13b24d05f96c41a37e15b79d08f30c25a16e92b54d60f81c17a09e10b35d67f92c03a50e47b14d18f06c95a72e84b31d59f20c14a27e61b80d09f42c03a17e50b19d46f21c'
SELECT :'very_long_token'::pdb.simple::text[];
                                                                                                                                                                                                                                                                                                                                                                                                                                                                                                                                                                                                                                                                                                                                                                                                                                                                                                                                                                                                                                                                                                                                                                                                                                                                                                                                                                                                                                                                                                                                                                                                                                                                                                                                                                                                                                                                                                                                                                                                                                                                                                                                                                                                                                                                                                                                                                                                                                                                                                                                                                                                                                                                                                                                                                                                                                                                                                                                                                                                                                                                          text                                                                                                                                                                                                                                                                                                                                                                                                                                                                                                                                                                                                                                                                                                                                                                                                                                                                                                                                                                                                                                                                                                                                                                                                                                                                                                                                                                                                                                                                                                                                                                                                                                                                                                                                                                                                                                                                                                                                                                                                                                                                                                                                                                                                                                                                                                                                                                                                                                                                                                                                                                                                                                                                                                                                                                                                                                                                                                                                                                                                                                                                           
---------------------------------------------------------------------------------------------------------------------------------------------------------------------------------------------------------------------------------------------------------------------------------------------------------------------------------------------------------------------------------------------------------------------------------------------------------------------------------------------------------------------------------------------------------------------------------------------------------------------------------------------------------------------------------------------------------------------------------------------------------------------------------------------------------------------------------------------------------------------------------------------------------------------------------------------------------------------------------------------------------------------------------------------------------------------------------------------------------------------------------------------------------------------------------------------------------------------------------------------------------------------------------------------------------------------------------------------------------------------------------------------------------------------------------------------------------------------------------------------------------------------------------------------------------------------------------------------------------------------------------------------------------------------------------------------------------------------------------------------------------------------------------------------------------------------------------------------------------------------------------------------------------------------------------------------------------------------------------------------------------------------------------------------------------------------------------------------------------------------------------------------------------------------------------------------------------------------------------------------------------------------------------------------------------------------------------------------------------------------------------------------------------------------------------------------------------------------------------------------------------------------------------------------------------------------------------------------------------------------------------------------------------------------------------------------------------------------------------------------------------------------------------------------------------------------------------------------------------------------------------------------------------------------------------------------------------------------------------------------------------------------------------------------------------------------------------------------------------------------------------------------------------------------------------------------------------------------------------------------------------------------------------------------------------------------------------------------------------------------------------------------------------------------------------------------------------------------------------------------------------------------------------------------------------------------------------------------------------------------------------------------------------------------------------------------------------------------------------------------------------------------------------------------------------------------------------------------------------------------------------------------------------------------------------------------------------------------------------------------------------------------------------------------------------------------------------------------------------------------------------------------------------------------------------------------------------------------------------------------------------------------------------------------------------------------------------------------------------------------------------------------------------------------------------------------------------------------------------------------------------------------------------------------------------------------------------------------------------------------------------------------------------------------------------------------------------------------------------------------------------------------------------------------------------------------------------------------------------------------------------------------------------------------------------------------------------------------------------------------------------------------------------------------------------------------------------------------------------------------------------------------------------------------------------------------------------------------------------------------------------------------------------------------------------------------------------------------------------------------------------------------------------------------------------------------------------------------------------------------------------------------------------------------------------------------------------------------------------------------------------------------------------------------------------------------------------------------------------------------------------------------------------------------------------------------------------------------------------------------------------------------------------------------------------------------------------------------------------------------------------------------------------------------------------------------------------------------------------------------------------------------------------
 {f2a8d9c4e3b17891a02c4dfe7b9a331e9d50a671fc52b81df83a2e7f9cc64b01c93b1769da25f1e2c8a3efb4d09c7e61b93f01c27ae4b5f861d239a6d02e8bcd41f2b075ce9d8a32f7e46b91d23a8cf74e56b091a32d7c84f5e69a1d3b72c8f04e59b27a6d03f81c59e4a2b79d36f0c18e52a7b40d19f83e56c1a72d94b08e31f6a2c47b59e0d12f83c64a79b25d10e48f97a32b61c05e72d98f13b04a26c71e59d80f23b47a19e65c02f38d97b14a20c53f68e91d07b24a95c30e71f68b02d14e59a83f27c60d09b45e31a72f18c94b06d23f80e57a12c69b04f35d78e01a26b93c57f09e42a15d86c30b71f64a29e03b58d92c47f10a63e29b05d71c84f36a02e97b10d45c68f23a09e54b81d67c30f12a95e08b43d76c21f59a07e62b84c10d35f97a42e19b06c85d73f20a48e95b03d61c27f90a54e18b36d72c09f85a41e26b07d93c58f12a69e40b31d75c08f97a24e63b19d05c84f21a90e56b37d14c72f09a63e85b02d41f78c26a50e93b17d08f62c35a49e01b84d27f90c53a06e19b75d42f80c18a24e56b91d37f02c68a13e79b05d40f92c67a08e35b19d74f23c10a81e59b06d47f13c20a96e54b02d71f38c05a47e29b10d93f61c27a80e14b95d36f20c83a07e52b68d01f94c25a39e76b04d81f60c27a15e93b48d02f57c36a09e24b71d85f03c10a42e96b57d18f20c64a09e53b41d27f82c19a05e38b67d04f91c25a80e16b59d72f03c47a12e58b09d64f31c20a87e46b13d05f92c78a24e19b53d60f07c81a35e42b10d97f25c68a09e34b51d72f06c80a93e57b24d18f31c09a45e62b07d90f38c12a56e84b20d17f05c31a69e94b03d28f70c16a45e12b89d37f04c21a56e08b73d90f25c46a31e19b57d04f82c13a05e27b68d49f01c70a35e18b62d04f97c25a09e46b13d80f51c32a07e58b19d25f60c84a92e17b03d46f21c05a70e18b42d53f96c20a47e31b05d92f18c03a64e57b10d85f29c47a16e09b23d80f65c51a92e37b04d70f12c98a25e41b69d83f30c07a19e65b84d20f12c73a05e49b92d16f80c53a28e14b07d91f35c62a04e79b15d08f93c47a20e65b91d54f03c82a16e07b40d29f18c36a05e94b73d62f01c15a48e29b07d35f60c81a54e92b13d27f40c09a62e75b08d91f24c53a30e16b07d95f41c60a23e09b47d15f32c81a54e20b17d63f09c28a35e74b10d86f92c41a07e20b69d35f08c72a14e53b29d90f64c01a85e38b26d07f42c95a10e83b19d54f30c78a41e25b06d32f09c17a63e85b47d12f91c28a35e04b67d10f20c09a83e57b41d62f35c98a24e10b07d29f63c54a18e90b36d27f42c15a80e97b19d03f75c62a41e50b08d24f36c19a07e28b92d63f10c35a56e41b09d27f93c14a28e76b03d58f42c10a87e53b19d62f07c45a31e92b80d14f63c29a10e05b47d83f21c54a68e39b12d07f25c93a01e74b50d20f18c63a95e02b17d84f30c46a25e93b51d07f62c80a34e59b19d08f42c75a60e10b13d28f04c71a20e69b15d87f36c02a90e14b27d53f61c80a47e19b03d25f46c38a71e59b10d64f21c87a02e35b19d42f08c53a06e47b18d21f90c62a85e14b30d67f19c05a08e43b72d26f91c37a20e10b04d96f85c21a58e47b30d14f09c72a36e50b93d27f41c15a08e20b76d39f92c54a63e71b19d05f82c07a60e28b35d49f13c10a52e64b08d73f91c57a24e36b09d80f41c62a17e25b34d08f29c73a06e48b91d02f65c87a13e09b54d72f40c31a15e23b07d08f56c29a34e81b47d92f10c73a06e58b31d19f27c20a09e45b16d82f93c54a07e61b39d24f80c15a23e19b68d04f72c31a95e28b10d57f14c20a69e32b41d08f56c37a15e49b72d30f81c64a02e57b93d16f09c75a84e12b05d27f30c18a90e03b64d81f26c54a78e19b07d93f41c12a05e84b69d37f10c20a92e46b71d58f03c27a18e95b60d09f74c02a13e58b27d63f04c81a92e16b30d85f47c20a95e02b61d13f48c79a36e24b07d58f10c31a08e49b25d63f71c02a95e84b60d13f37c50a09e21b78d15f64c03a47e90b16d32f80c57a14e25b91d38f02c64a07e85b93d21f40c16a28e10b07d52f69c84a35e17b09d92f46c58a21e63b70d04f19c83a27e90b65d12f34c01a80e73b46d25f09c92a14e07b65d30f58c81a39e04b27d93f60c21a57e83b95d18f47c10a36e54b29d70f08c62a09e73b10d42f05c37a18e61b29d94f50c71a20e07b68d35f93c82a14e56b17d04f10c35a61e84b72d93f25c18a09e60b35d47f14c23a02e91b84d19f67c52a10e06b29d83f75c31a48e92b15d04f38c60a09e21b87d73f10c56a28e49b91d20f37c05a84e13b29d68f02c17a90e74b53d61f48c02a13e85b20d64f09c57a34e92b76d18f41c03a29e50b14d72f60c08a93e21b05d38f87c19a20e64b71d35f92c04a47e10b59d83f26c12a08e34b50d90f17c63a28e95b19d04f71c32a09e18b64d23f05c87a51e29b60d94f10c38a07e83b21d45f62c09a14e58b19d87f03c70a36e95b02d18f40c09a64e32b07d21f05c87a90e73b19d56f20c08a45e12b61d84f03c97a28e50b16d42f09c70a13e91b83d04f27c65a18e59b20d94f03c41a09e76b52d18f37c64a29e10b05d81f92c13a47e25b38d09f60c17a58e04b91d32f27c89a51e16b40d75f03c28a09e13b80d54f61c95a47e32b19d08f23c71a60e45b27d13f04c92a05e63b89d47f28c01a54e79b12d63f85c40a97e16b05d24f03c18a65e47b09d12f93c70a20e08b41d76f35c14a57e29b04d68f23c10a39e92b15d27f80c16a54e41b09d03f28c35a60e90b12d14f87c73a25e49b36d50f02c19a67e31b10d24f43c08a29e96b57d85f12c60a04e15b92d37f08c21a63e80b19d05f34c57a92e26b17d40f13c78a54e60b29d15f02c34a89e91b06d28f10c47a39e25b80d62f14c05a90e73b18d24f61c29a87e15b46d50f09c12a35e42b10d97f03c21a09e48b16d30f72c54a95e83b19d40f26c10a68e07b12d45f29c18a05e64b91d32f47c81a09e73b20d19f68c37a25e15b09d94f72c13a48e30b67d52f10c21a04e97b83d15f62c09a70e56b24d18f93c45a27e12b80d64f31c19a05e41b09d83f76c27a54e68b32d15f09c17a90e43b18d71f26c05a48e92b63d09f37c80a24e15b97d46f12c30a05e89b17d04f92c76a13e58b40d71f23c16a82e05b64d27f90c14a08e31b19d53f46c25a97e70b83d02f14c09a26e51b60d38f47c95a12e09b19d85f23c47a01e52b37d18f96c09a85e27b60d34f71c02a19e08b95d57f41c36a04e60b17d38f29c81a07e43b19d04f63c20a89e92b58d10f71c25a34e05b90d47f19c83a64e27b15d09f56c02a18e70b41d36f28c05a49e94b21d12f37c65a10e52b07d84f63c09a75e14b80d96f02c47a30e19b61d25f08c72a04e83b59d14f67c23a91e10b05d45f38c76a19e24b13d08f92c10a81e27b35d94f60c14a57e09b23d48f16c90a84e62b07d35f01c20a47e53b92d18f06c41a09e37b15d60f02c73a14e81b09d54f37c05a29e10b42d86f03c75a60e91b27d04f93c19a53e05b47d62f18c40a23e90b71d08f15c04a76e34b09d51f63c20a89e72b13d05f14c47a02e63b71d80f19c08a56e43b02d79f05c91a18e27b35d46f20c97a54e60b03d15f84c92a10e39b74d25f07c18a53e41b96d20f62c75a08e10b35d97f46c02a31e19b28d04f67c09a75e13b02d84f60c19a97e54b31d20f16c07a92e35b49d01f28c10a67e85b37d92f60c23a05e78b14d97f03c41a20e95b36d18f12c08a62e39b57d40f91c03a17e52b94d20f65c08a73e42b59d16f81c24a90e17b38d54f20c03a61e82b07d45f96c39a14e20b18d64f72c53a09e47b80d61f35c02a10e93b59d78f24c19a36e17b40d85f09c26a54e70b32d18f63c97a14e20b06d59f47c10a81e35b92d64f03c12a87e04b61d23f79c58a16e34b07d92f41c20a39e84b59d25f06c30a17e18b90d67f12c04a25e09b37d53f10c72a48e91b63d05f40c16a24e59b37d82f10c94a50e23b16d72f41c09a85e07b53d02f39c64a58e71b19d46f20c80a92e13b24d05f96c41a37e15b79d08f30c25a16e92b54d60f81c17a09e10b35d67f92c03a50e47b14d18f06c95a72e84b31d59f20c14a27e61b80d09f42c03a17e50b19d46f21c}
(1 row)

SELECT :'very_long_token'::pdb.simple('remove_long=255')::text[];
 text 
------
 {}
(1 row)

