DROP TABLE IF EXISTS tokenizer_fast;
CREATE TABLE tokenizer_fast (
    id serial8 not null primary key,
    t text
);
INSERT INTO tokenizer_fast (t) VALUES ('This is a TEST');
CREATE INDEX idxtokenizer_fast ON tokenizer_fast USING bm25 (id, (t::pdb.literal)) WITH (key_field = 'id');
SELECT * FROM paradedb.schema('idxtokenizer_fast') ORDER BY name;
 name | field_type | stored | indexed | fast | fieldnorms | expand_dots |        tokenizer         | record | normalizer 
------+------------+--------+---------+------+------------+-------------+--------------------------+--------+------------
 ctid | U64        | f      | t       | t    | f          |             |                          |        | 
 id   | I64        | f      | t       | t    | f          |             |                          |        | 
 t    | Str        | f      | t       | t    | f          |             | keyword[lowercase=false] | basic  | raw
(3 rows)

SELECT * FROM tokenizer_fast WHERE t &&& 'This is a TEST';
 id |       t        
----+----------------
  1 | This is a TEST
(1 row)

